Archive member included to satisfy reference by file (symbol)

/opt/st/stm32cubeide_1.17.0/plugins/com.st.stm32cube.ide.mcu.externaltools.gnu-tools-for-stm32.12.3.rel1.linux64_1.1.0.202410170702/tools/bin/../lib/gcc/arm-none-eabi/12.3.1/../../../../arm-none-eabi/lib/thumb/v7e-m+fp/hard/libc_nano.a(libc_a-exit.o)
                              /opt/st/stm32cubeide_1.17.0/plugins/com.st.stm32cube.ide.mcu.externaltools.gnu-tools-for-stm32.12.3.rel1.linux64_1.1.0.202410170702/tools/bin/../lib/gcc/arm-none-eabi/12.3.1/../../../../arm-none-eabi/lib/thumb/v7e-m+fp/hard/crt0.o (exit)
/opt/st/stm32cubeide_1.17.0/plugins/com.st.stm32cube.ide.mcu.externaltools.gnu-tools-for-stm32.12.3.rel1.linux64_1.1.0.202410170702/tools/bin/../lib/gcc/arm-none-eabi/12.3.1/../../../../arm-none-eabi/lib/thumb/v7e-m+fp/hard/libc_nano.a(libc_a-findfp.o)
                              /opt/st/stm32cubeide_1.17.0/plugins/com.st.stm32cube.ide.mcu.externaltools.gnu-tools-for-stm32.12.3.rel1.linux64_1.1.0.202410170702/tools/bin/../lib/gcc/arm-none-eabi/12.3.1/../../../../arm-none-eabi/lib/thumb/v7e-m+fp/hard/libc_nano.a(libc_a-exit.o) (__stdio_exit_handler)
/opt/st/stm32cubeide_1.17.0/plugins/com.st.stm32cube.ide.mcu.externaltools.gnu-tools-for-stm32.12.3.rel1.linux64_1.1.0.202410170702/tools/bin/../lib/gcc/arm-none-eabi/12.3.1/../../../../arm-none-eabi/lib/thumb/v7e-m+fp/hard/libc_nano.a(libc_a-fwalk.o)
                              /opt/st/stm32cubeide_1.17.0/plugins/com.st.stm32cube.ide.mcu.externaltools.gnu-tools-for-stm32.12.3.rel1.linux64_1.1.0.202410170702/tools/bin/../lib/gcc/arm-none-eabi/12.3.1/../../../../arm-none-eabi/lib/thumb/v7e-m+fp/hard/libc_nano.a(libc_a-findfp.o) (_fwalk_sglue)
/opt/st/stm32cubeide_1.17.0/plugins/com.st.stm32cube.ide.mcu.externaltools.gnu-tools-for-stm32.12.3.rel1.linux64_1.1.0.202410170702/tools/bin/../lib/gcc/arm-none-eabi/12.3.1/../../../../arm-none-eabi/lib/thumb/v7e-m+fp/hard/libc_nano.a(libc_a-stdio.o)
                              /opt/st/stm32cubeide_1.17.0/plugins/com.st.stm32cube.ide.mcu.externaltools.gnu-tools-for-stm32.12.3.rel1.linux64_1.1.0.202410170702/tools/bin/../lib/gcc/arm-none-eabi/12.3.1/../../../../arm-none-eabi/lib/thumb/v7e-m+fp/hard/libc_nano.a(libc_a-findfp.o) (__sread)
/opt/st/stm32cubeide_1.17.0/plugins/com.st.stm32cube.ide.mcu.externaltools.gnu-tools-for-stm32.12.3.rel1.linux64_1.1.0.202410170702/tools/bin/../lib/gcc/arm-none-eabi/12.3.1/../../../../arm-none-eabi/lib/thumb/v7e-m+fp/hard/libc_nano.a(libc_a-memset.o)
                              /opt/st/stm32cubeide_1.17.0/plugins/com.st.stm32cube.ide.mcu.externaltools.gnu-tools-for-stm32.12.3.rel1.linux64_1.1.0.202410170702/tools/bin/../lib/gcc/arm-none-eabi/12.3.1/../../../../arm-none-eabi/lib/thumb/v7e-m+fp/hard/crt0.o (memset)
/opt/st/stm32cubeide_1.17.0/plugins/com.st.stm32cube.ide.mcu.externaltools.gnu-tools-for-stm32.12.3.rel1.linux64_1.1.0.202410170702/tools/bin/../lib/gcc/arm-none-eabi/12.3.1/../../../../arm-none-eabi/lib/thumb/v7e-m+fp/hard/libc_nano.a(libc_a-closer.o)
                              /opt/st/stm32cubeide_1.17.0/plugins/com.st.stm32cube.ide.mcu.externaltools.gnu-tools-for-stm32.12.3.rel1.linux64_1.1.0.202410170702/tools/bin/../lib/gcc/arm-none-eabi/12.3.1/../../../../arm-none-eabi/lib/thumb/v7e-m+fp/hard/libc_nano.a(libc_a-stdio.o) (_close_r)
/opt/st/stm32cubeide_1.17.0/plugins/com.st.stm32cube.ide.mcu.externaltools.gnu-tools-for-stm32.12.3.rel1.linux64_1.1.0.202410170702/tools/bin/../lib/gcc/arm-none-eabi/12.3.1/../../../../arm-none-eabi/lib/thumb/v7e-m+fp/hard/libc_nano.a(libc_a-reent.o)
                              /opt/st/stm32cubeide_1.17.0/plugins/com.st.stm32cube.ide.mcu.externaltools.gnu-tools-for-stm32.12.3.rel1.linux64_1.1.0.202410170702/tools/bin/../lib/gcc/arm-none-eabi/12.3.1/../../../../arm-none-eabi/lib/thumb/v7e-m+fp/hard/libc_nano.a(libc_a-closer.o) (errno)
/opt/st/stm32cubeide_1.17.0/plugins/com.st.stm32cube.ide.mcu.externaltools.gnu-tools-for-stm32.12.3.rel1.linux64_1.1.0.202410170702/tools/bin/../lib/gcc/arm-none-eabi/12.3.1/../../../../arm-none-eabi/lib/thumb/v7e-m+fp/hard/libc_nano.a(libc_a-impure.o)
                              /opt/st/stm32cubeide_1.17.0/plugins/com.st.stm32cube.ide.mcu.externaltools.gnu-tools-for-stm32.12.3.rel1.linux64_1.1.0.202410170702/tools/bin/../lib/gcc/arm-none-eabi/12.3.1/../../../../arm-none-eabi/lib/thumb/v7e-m+fp/hard/libc_nano.a(libc_a-reent.o) (_impure_ptr)
/opt/st/stm32cubeide_1.17.0/plugins/com.st.stm32cube.ide.mcu.externaltools.gnu-tools-for-stm32.12.3.rel1.linux64_1.1.0.202410170702/tools/bin/../lib/gcc/arm-none-eabi/12.3.1/../../../../arm-none-eabi/lib/thumb/v7e-m+fp/hard/libc_nano.a(libc_a-lseekr.o)
                              /opt/st/stm32cubeide_1.17.0/plugins/com.st.stm32cube.ide.mcu.externaltools.gnu-tools-for-stm32.12.3.rel1.linux64_1.1.0.202410170702/tools/bin/../lib/gcc/arm-none-eabi/12.3.1/../../../../arm-none-eabi/lib/thumb/v7e-m+fp/hard/libc_nano.a(libc_a-stdio.o) (_lseek_r)
[...]
Memory Configuration

Name             Origin             Length             Attributes
RAM              0x20000000         0x00008000         xrw
FLASH            0x08000000         0x00020000         xr
*default*        0x00000000         0xffffffff

Linker script and memory map

LOAD /opt/st/stm32cubeide_1.17.0/plugins/com.st.stm32cube.ide.mcu.externaltools.gnu-tools-for-stm32.12.3.rel1.linux64_1.1.0.202410170702/tools/bin/../lib/gcc/arm-none-eabi/12.3.1/thumb/v7e-m+fp/hard/crti.o
LOAD /opt/st/stm32cubeide_1.17.0/plugins/com.st.stm32cube.ide.mcu.externaltools.gnu-tools-for-stm32.12.3.rel1.linux64_1.1.0.202410170702/tools/bin/../lib/gcc/arm-none-eabi/12.3.1/thumb/v7e-m+fp/hard/crtbegin.o
LOAD /opt/st/stm32cubeide_1.17.0/plugins/com.st.stm32cube.ide.mcu.externaltools.gnu-tools-for-stm32.12.3.rel1.linux64_1.1.0.202410170702/tools/bin/../lib/gcc/arm-none-eabi/12.3.1/../../../../arm-none-eabi/lib/thumb/v7e-m+fp/hard/crt0.o
LOAD ./Core/Src/PID.o
LOAD ./Core/Src/main.o
LOAD ./Core/Src/stm32g4xx_hal_msp.o
LOAD ./Core/Src/stm32g4xx_it.o
LOAD ./Core/Src/syscalls.o
LOAD ./Core/Src/sysmem.o
LOAD ./Core/Src/system_stm32g4xx.o
LOAD ./Core/Startup/startup_stm32g431cbux.o
LOAD ./Drivers/STM32G4xx_HAL_Driver/Src/stm32g4xx_hal.o
LOAD ./Drivers/STM32G4xx_HAL_Driver/Src/stm32g4xx_hal_cortex.o
LOAD ./Drivers/STM32G4xx_HAL_Driver/Src/stm32g4xx_hal_dma.o
LOAD ./Drivers/STM32G4xx_HAL_Driver/Src/stm32g4xx_hal_dma_ex.o
LOAD ./Drivers/STM32G4xx_HAL_Driver/Src/stm32g4xx_hal_exti.o
LOAD ./Drivers/STM32G4xx_HAL_Driver/Src/stm32g4xx_hal_flash.o
LOAD ./Drivers/STM32G4xx_HAL_Driver/Src/stm32g4xx_hal_flash_ex.o
LOAD ./Drivers/STM32G4xx_HAL_Driver/Src/stm32g4xx_hal_flash_ramfunc.o
LOAD ./Drivers/STM32G4xx_HAL_Driver/Src/stm32g4xx_hal_gpio.o
LOAD ./Drivers/STM32G4xx_HAL_Driver/Src/stm32g4xx_hal_pwr.o
LOAD ./Drivers/STM32G4xx_HAL_Driver/Src/stm32g4xx_hal_pwr_ex.o
LOAD ./Drivers/STM32G4xx_HAL_Driver/Src/stm32g4xx_hal_rcc.o
LOAD ./Drivers/STM32G4xx_HAL_Driver/Src/stm32g4xx_hal_rcc_ex.o
LOAD ./Drivers/STM32G4xx_HAL_Driver/Src/stm32g4xx_hal_spi.o
LOAD ./Drivers/STM32G4xx_HAL_Driver/Src/stm32g4xx_hal_spi_ex.o
LOAD ./Drivers/STM32G4xx_HAL_Driver/Src/stm32g4xx_hal_tim.o
LOAD ./Drivers/STM32G4xx_HAL_Driver/Src/stm32g4xx_hal_tim_ex.o
LOAD ./Drivers/STM32G4xx_HAL_Driver/Src/stm32g4xx_hal_uart.o
LOAD ./Drivers/STM32G4xx_HAL_Driver/Src/stm32g4xx_hal_uart_ex.o
START GROUP
LOAD /opt/st/stm32cubeide_1.17.0/plugins/com.st.stm32cube.ide.mcu.externaltools.gnu-tools-for-stm32.12.3.rel1.linux64_1.1.0.202410170702/tools/bin/../lib/gcc/arm-none-eabi/12.3.1/../../../../arm-none-eabi/lib/thumb/v7e-m+fp/hard/libc_nano.a
LOAD /opt/st/stm32cubeide_1.17.0/plugins/com.st.stm32cube.ide.mcu.externaltools.gnu-tools-for-stm32.12.3.rel1.linux64_1.1.0.202410170702/tools/bin/../lib/gcc/arm-none-eabi/12.3.1/../../../../arm-none-eabi/lib/thumb/v7e-m+fp/hard/libm.a
END GROUP
START GROUP
LOAD /opt/st/stm32cubeide_1.17.0/plugins/com.st.stm32cube.ide.mcu.externaltools.gnu-tools-for-stm32.12.3.rel1.linux64_1.1.0.202410170702/tools/bin/../lib/gcc/arm-none-eabi/12.3.1/thumb/v7e-m+fp/hard/libgcc.a
LOAD /opt/st/stm32cubeide_1.17.0/plugins/com.st.stm32cube.ide.mcu.externaltools.gnu-tools-for-stm32.12.3.rel1.linux64_1.1.0.202410170702/tools/bin/../lib/gcc/arm-none-eabi/12.3.1/../../../../arm-none-eabi/lib/thumb/v7e-m+fp/hard/libc_nano.a
END GROUP
START GROUP
LOAD /opt/st/stm32cubeide_1.17.0/plugins/com.st.stm32cube.ide.mcu.externaltools.gnu-tools-for-stm32.12.3.rel1.linux64_1.1.0.202410170702/tools/bin/../lib/gcc/arm-none-eabi/12.3.1/thumb/v7e-m+fp/hard/libgcc.a
LOAD /opt/st/stm32cubeide_1.17.0/plugins/com.st.stm32cube.ide.mcu.externaltools.gnu-tools-for-stm32.12.3.rel1.linux64_1.1.0.202410170702/tools/bin/../lib/gcc/arm-none-eabi/12.3.1/../../../../arm-none-eabi/lib/thumb/v7e-m+fp/hard/libc_nano.a
LOAD /opt/st/stm32cubeide_1.17.0/plugins/com.st.stm32cube.ide.mcu.externaltools.gnu-tools-for-stm32.12.3.rel1.linux64_1.1.0.202410170702/tools/bin/../lib/gcc/arm-none-eabi/12.3.1/../../../../arm-none-eabi/lib/thumb/v7e-m+fp/hard/libnosys.a
END GROUP
START GROUP
LOAD /opt/st/stm32cubeide_1.17.0/plugins/com.st.stm32cube.ide.mcu.externaltools.gnu-tools-for-stm32.12.3.rel1.linux64_1.1.0.202410170702/tools/bin/../lib/gcc/arm-none-eabi/12.3.1/thumb/v7e-m+fp/hard/libgcc.a
LOAD /opt/st/stm32cubeide_1.17.0/plugins/com.st.stm32cube.ide.mcu.externaltools.gnu-tools-for-stm32.12.3.rel1.linux64_1.1.0.202410170702/tools/bin/../lib/gcc/arm-none-eabi/12.3.1/../../../../arm-none-eabi/lib/thumb/v7e-m+fp/hard/libc_nano.a
LOAD /opt/st/stm32cubeide_1.17.0/plugins/com.st.stm32cube.ide.mcu.externaltools.gnu-tools-for-stm32.12.3.rel1.linux64_1.1.0.202410170702/tools/bin/../lib/gcc/arm-none-eabi/12.3.1/../../../../arm-none-eabi/lib/thumb/v7e-m+fp/hard/libnosys.a
END GROUP
LOAD /opt/st/stm32cubeide_1.17.0/plugins/com.st.stm32cube.ide.mcu.externaltools.gnu-tools-for-stm32.12.3.rel1.linux64_1.1.0.202410170702/tools/bin/../lib/gcc/arm-none-eabi/12.3.1/thumb/v7e-m+fp/hard/crtend.o
LOAD /opt/st/stm32cubeide_1.17.0/plugins/com.st.stm32cube.ide.mcu.externaltools.gnu-tools-for-stm32.12.3.rel1.linux64_1.1.0.202410170702/tools/bin/../lib/gcc/arm-none-eabi/12.3.1/thumb/v7e-m+fp/hard/crtn.o
                0x20008000                        _estack = (ORIGIN (RAM) + LENGTH (RAM))
                0x00000200                        _Min_Heap_Size = 0x200
                0x00000400                        _Min_Stack_Size = 0x400

.isr_vector     0x08000000      0x1d8
                0x08000000                        . = ALIGN (0x4)
 *(.isr_vector)
 .isr_vector    0x08000000      0x1d8 ./Core/Startup/startup_stm32g431cbux.o
                0x08000000                g_pfnVectors
                0x080001d8                        . = ALIGN (0x4)

.text           0x080001d8     0x5d0c
                0x080001d8                        . = ALIGN (0x4)
 *(.text)
 .text          0x080001d8       0x40 /opt/st/stm32cubeide_1.17.0/plugins/com.st.stm32cube.ide.mcu.externaltools.gnu-tools-for-stm32.12.3.rel1.linux64_1.1.0.202410170702/tools/bin/../lib/gcc/arm-none-eabi/12.3.1/thumb/v7e-m+fp/hard/crtbegin.o
 .text          0x08000218      0x378 /opt/st/stm32cubeide_1.17.0/plugins/com.st.stm32cube.ide.mcu.externaltools.gnu-tools-for-stm32.12.3.rel1.linux64_1.1.0.202410170702/tools/bin/../lib/gcc/arm-none-eabi/12.3.1/thumb/v7e-m+fp/hard/libgcc.a(_arm_addsubdf3.o)
                0x08000218                __aeabi_drsub
                0x08000220                __aeabi_dsub
                0x08000220                __subdf3
                0x08000224                __adddf3
                0x08000224                __aeabi_dadd
                0x0800049c                __aeabi_ui2d
                0x0800049c                __floatunsidf
                0x080004bc                __floatsidf
                0x080004bc                __aeabi_i2d
                0x080004e0                __extendsfdf2
                0x080004e0                __aeabi_f2d
                0x08000524                __aeabi_ul2d
                0x08000524                __floatundidf
                0x08000534                __floatdidf
                0x08000534                __aeabi_l2d
 .text          0x08000590      0x424 /opt/st/stm32cubeide_1.17.0/plugins/com.st.stm32cube.ide.mcu.externaltools.gnu-tools-for-stm32.12.3.rel1.linux64_1.1.0.202410170702/tools/bin/../lib/gcc/arm-none-eabi/12.3.1/thumb/v7e-m+fp/hard/libgcc.a(_arm_muldivdf3.o)
                0x08000590                __aeabi_dmul
                0x08000590                __muldf3
                0x080007e4                __aeabi_ddiv
                0x080007e4                __divdf3
 .text          0x080009b4      0x110 /opt/st/stm32cubeide_1.17.0/plugins/com.st.stm32cube.ide.mcu.externaltools.gnu-tools-for-stm32.12.3.rel1.linux64_1.1.0.202410170702/tools/bin/../lib/gcc/arm-none-eabi/12.3.1/thumb/v7e-m+fp/hard/libgcc.a(_arm_cmpdf2.o)
                0x080009b4                __gtdf2
                0x080009b4                __gedf2
                0x080009bc                __ltdf2
                0x080009bc                __ledf2
                0x080009c4                __cmpdf2
                0x080009c4                __eqdf2
                0x080009c4                __nedf2
                0x08000a40                __aeabi_cdrcmple
                0x08000a50                __aeabi_cdcmple
                0x08000a50                __aeabi_cdcmpeq
                0x08000a60                __aeabi_dcmpeq
                0x08000a74                __aeabi_dcmplt
                0x08000a88                __aeabi_dcmple
                0x08000a9c                __aeabi_dcmpge
                0x08000ab0                __aeabi_dcmpgt
 .text          0x08000ac4       0xa0 /opt/st/stm32cubeide_1.17.0/plugins/com.st.stm32cube.ide.mcu.externaltools.gnu-tools-for-stm32.12.3.rel1.linux64_1.1.0.202410170702/tools/bin/../lib/gcc/arm-none-eabi/12.3.1/thumb/v7e-m+fp/hard/libgcc.a(_arm_truncdfsf2.o)
                0x08000ac4                __aeabi_d2f
                0x08000ac4                __truncdfsf2
 .text          0x08000b64       0x30 /opt/st/stm32cubeide_1.17.0/plugins/com.st.stm32cube.ide.mcu.externaltools.gnu-tools-for-stm32.12.3.rel1.linux64_1.1.0.202410170702/tools/bin/../lib/gcc/arm-none-eabi/12.3.1/thumb/v7e-m+fp/hard/libgcc.a(_aeabi_uldivmod.o)
                0x08000b64                __aeabi_uldivmod
 .text          0x08000b94      0x2bc /opt/st/stm32cubeide_1.17.0/plugins/com.st.stm32cube.ide.mcu.externaltools.gnu-tools-for-stm32.12.3.rel1.linux64_1.1.0.202410170702/tools/bin/../lib/gcc/arm-none-eabi/12.3.1/thumb/v7e-m+fp/hard/libgcc.a(_udivmoddi4.o)
                0x08000b94                __udivmoddi4
 .text          0x08000e50        0x4 /opt/st/stm32cubeide_1.17.0/plugins/com.st.stm32cube.ide.mcu.externaltools.gnu-tools-for-stm32.12.3.rel1.linux64_1.1.0.202410170702/tools/bin/../lib/gcc/arm-none-eabi/12.3.1/thumb/v7e-m+fp/hard/libgcc.a(_dvmd_tls.o)
                0x08000e50                __aeabi_ldiv0
                0x08000e50                __aeabi_idiv0
 *(.text*)
 .text.PID_Init
                0x08000e54       0x74 ./Core/Src/PID.o
                0x08000e54                PID_Init
 .text.PID      0x08000ec8       0x98 ./Core/Src/PID.o
                0x08000ec8                PID
 .text.PID2     0x08000f60       0x44 ./Core/Src/PID.o
                0x08000f60                PID2
 .text.PID_Compute
                0x08000fa4      0x1d4 ./Core/Src/PID.o
                0x08000fa4                PID_Compute
 .text.PID_SetMode
                0x08001178       0x3c ./Core/Src/PID.o
                0x08001178                PID_SetMode
 .text.PID_SetOutputLimits
                0x080011b4       0xdc ./Core/Src/PID.o
                0x080011b4                PID_SetOutputLimits
 .text.PID_SetTunings2
                0x08001290      0x150 ./Core/Src/PID.o
                0x08001290                PID_SetTunings2
 .text.PID_SetControllerDirection
                0x080013e0       0x80 ./Core/Src/PID.o
                0x080013e0                PID_SetControllerDirection
 .text.PID_SetSampleTime
                0x08001460       0x76 ./Core/Src/PID.o
                0x08001460                PID_SetSampleTime
 *fill*         0x080014d6        0x2 
 .text.Motor_Control
                0x080014d8       0x84 ./Core/Src/main.o
                0x080014d8                Motor_Control
 .text.Calculate_RPM
                0x0800155c      0x100 ./Core/Src/main.o
                0x0800155c                Calculate_RPM
 *fill*         0x0800165c        0x4 
 .text.Set_Motor_Speeds
                0x08001660      0x24c ./Core/Src/main.o
                0x08001660                Set_Motor_Speeds
 *fill*         0x080018ac        0x4 
 .text.main     0x080018b0      0x174 ./Core/Src/main.o
                0x080018b0                main
 .text.SystemClock_Config
                0x08001a24       0x92 ./Core/Src/main.o
                0x08001a24                SystemClock_Config
 *fill*         0x08001ab6        0x2 
 .text.MX_SPI1_Init
                0x08001ab8       0x7c ./Core/Src/main.o
 .text.MX_TIM1_Init
                0x08001b34      0x160 ./Core/Src/main.o
 .text.MX_TIM2_Init
                0x08001c94       0xec ./Core/Src/main.o
 .text.MX_TIM3_Init
                0x08001d80       0xac ./Core/Src/main.o
 .text.MX_TIM4_Init
                0x08001e2c       0xac ./Core/Src/main.o
 .text.MX_USART1_UART_Init
                0x08001ed8       0x9c ./Core/Src/main.o
 .text.MX_GPIO_Init
                0x08001f74       0xdc ./Core/Src/main.o
 .text.Error_Handler
                0x08002050        0xc ./Core/Src/main.o
                0x08002050                Error_Handler
 .text.HAL_MspInit
                0x0800205c       0x48 ./Core/Src/stm32g4xx_hal_msp.o
                0x0800205c                HAL_MspInit
 .text.HAL_SPI_MspInit
                0x080020a4       0xc0 ./Core/Src/stm32g4xx_hal_msp.o
                0x080020a4                HAL_SPI_MspInit
 .text.HAL_TIM_Base_MspInit
                0x08002164       0x64 ./Core/Src/stm32g4xx_hal_msp.o
                0x08002164                HAL_TIM_Base_MspInit
 .text.HAL_TIM_Encoder_MspInit
                0x080021c8       0xe8 ./Core/Src/stm32g4xx_hal_msp.o
                0x080021c8                HAL_TIM_Encoder_MspInit
 .text.HAL_TIM_MspPostInit
                0x080022b0       0xb4 ./Core/Src/stm32g4xx_hal_msp.o
                0x080022b0                HAL_TIM_MspPostInit
 .text.HAL_UART_MspInit
                0x08002364       0xec ./Core/Src/stm32g4xx_hal_msp.o
                0x08002364                HAL_UART_MspInit
 .text.NMI_Handler
                0x08002450        0x8 ./Core/Src/stm32g4xx_it.o
                0x08002450                NMI_Handler
 .text.HardFault_Handler
                0x08002458        0x8 ./Core/Src/stm32g4xx_it.o
                0x08002458                HardFault_Handler
 .text.MemManage_Handler
                0x08002460        0x8 ./Core/Src/stm32g4xx_it.o
                0x08002460                MemManage_Handler
 .text.BusFault_Handler
                0x08002468        0x8 ./Core/Src/stm32g4xx_it.o
                0x08002468                BusFault_Handler
 .text.UsageFault_Handler
                0x08002470        0x8 ./Core/Src/stm32g4xx_it.o
                0x08002470                UsageFault_Handler
 .text.SVC_Handler
                0x08002478        0xe ./Core/Src/stm32g4xx_it.o
                0x08002478                SVC_Handler
 .text.DebugMon_Handler
                0x08002486        0xe ./Core/Src/stm32g4xx_it.o
                0x08002486                DebugMon_Handler
 .text.PendSV_Handler
                0x08002494        0xe ./Core/Src/stm32g4xx_it.o
                0x08002494                PendSV_Handler
 .text.SysTick_Handler
                0x080024a2        0xc ./Core/Src/stm32g4xx_it.o
                0x080024a2                SysTick_Handler
 *fill*         0x080024ae        0x2 
 .text.SystemInit
                0x080024b0       0x24 ./Core/Src/system_stm32g4xx.o
                0x080024b0                SystemInit
 .text.Reset_Handler
                0x080024d4       0x50 ./Core/Startup/startup_stm32g431cbux.o
                0x080024d4                Reset_Handler
 .text.Default_Handler
                0x08002524        0x2 ./Core/Startup/startup_stm32g431cbux.o
                0x08002524                RTC_Alarm_IRQHandler
                0x08002524                EXTI2_IRQHandler
                0x08002524                TIM8_TRG_COM_IRQHandler
                0x08002524                TIM8_CC_IRQHandler
                0x08002524                TIM1_CC_IRQHandler
                0x08002524                USB_HP_IRQHandler
                0x08002524                CORDIC_IRQHandler
                0x08002524                EXTI3_IRQHandler
                0x08002524                I2C3_ER_IRQHandler
                0x08002524                EXTI0_IRQHandler
                0x08002524                I2C2_EV_IRQHandler
                0x08002524                FPU_IRQHandler
                0x08002524                FDCAN1_IT1_IRQHandler
                0x08002524                TIM1_UP_TIM16_IRQHandler
                0x08002524                ADC1_2_IRQHandler
                0x08002524                SPI1_IRQHandler
                0x08002524                TIM6_DAC_IRQHandler
                0x08002524                TIM8_UP_IRQHandler
                0x08002524                DMA2_Channel2_IRQHandler
                0x08002524                DMA1_Channel4_IRQHandler
                0x08002524                USART3_IRQHandler
                0x08002524                TIM4_IRQHandler
                0x08002524                DMA2_Channel1_IRQHandler
                0x08002524                I2C1_EV_IRQHandler
                0x08002524                DMA1_Channel6_IRQHandler
                0x08002524                UART4_IRQHandler
                0x08002524                DMA2_Channel4_IRQHandler
                0x08002524                TIM3_IRQHandler
                0x08002524                RCC_IRQHandler
                0x08002524                DMA1_Channel1_IRQHandler
                0x08002524                Default_Handler
                0x08002524                RTC_TAMP_LSECSS_IRQHandler
                0x08002524                FMAC_IRQHandler
                0x08002524                EXTI15_10_IRQHandler
                0x08002524                TIM7_IRQHandler
                0x08002524                UCPD1_IRQHandler
                0x08002524                I2C3_EV_IRQHandler
                0x08002524                EXTI9_5_IRQHandler
                0x08002524                RTC_WKUP_IRQHandler
                0x08002524                PVD_PVM_IRQHandler
                0x08002524                SPI2_IRQHandler
                0x08002524                DMA2_Channel5_IRQHandler
                0x08002524                CRS_IRQHandler
                0x08002524                DMA1_Channel5_IRQHandler
                0x08002524                USB_LP_IRQHandler
                0x08002524                EXTI4_IRQHandler
                0x08002524                RNG_IRQHandler
                0x08002524                TIM1_TRG_COM_TIM17_IRQHandler
                0x08002524                DMA1_Channel3_IRQHandler
                0x08002524                WWDG_IRQHandler
                0x08002524                LPUART1_IRQHandler
                0x08002524                DMA2_Channel6_IRQHandler
                0x08002524                FDCAN1_IT0_IRQHandler
                0x08002524                TIM2_IRQHandler
                0x08002524                COMP1_2_3_IRQHandler
                0x08002524                EXTI1_IRQHandler
                0x08002524                USART2_IRQHandler
                0x08002524                I2C2_ER_IRQHandler
                0x08002524                DMA1_Channel2_IRQHandler
                0x08002524                TIM8_BRK_IRQHandler
                0x08002524                FLASH_IRQHandler
                0x08002524                USART1_IRQHandler
                0x08002524                SPI3_IRQHandler
                0x08002524                I2C1_ER_IRQHandler
                0x08002524                LPTIM1_IRQHandler
                0x08002524                DMAMUX_OVR_IRQHandler
                0x08002524                USBWakeUp_IRQHandler
                0x08002524                SAI1_IRQHandler
                0x08002524                DMA2_Channel3_IRQHandler
                0x08002524                COMP4_IRQHandler
                0x08002524                TIM1_BRK_TIM15_IRQHandler
 .text.HAL_Init
                0x08002526       0x30 ./Drivers/STM32G4xx_HAL_Driver/Src/stm32g4xx_hal.o
                0x08002526                HAL_Init
 *fill*         0x08002556        0x2 
 .text.HAL_InitTick
                0x08002558       0x74 ./Drivers/STM32G4xx_HAL_Driver/Src/stm32g4xx_hal.o
                0x08002558                HAL_InitTick
 .text.HAL_IncTick
                0x080025cc       0x24 ./Drivers/STM32G4xx_HAL_Driver/Src/stm32g4xx_hal.o
                0x080025cc                HAL_IncTick
 .text.HAL_GetTick
                0x080025f0       0x18 ./Drivers/STM32G4xx_HAL_Driver/Src/stm32g4xx_hal.o
                0x080025f0                HAL_GetTick
 .text.HAL_Delay
                0x08002608       0x44 ./Drivers/STM32G4xx_HAL_Driver/Src/stm32g4xx_hal.o
                0x08002608                HAL_Delay
 .text.__NVIC_SetPriorityGrouping
                0x0800264c       0x48 ./Drivers/STM32G4xx_HAL_Driver/Src/stm32g4xx_hal_cortex.o
 .text.__NVIC_GetPriorityGrouping
                0x08002694       0x1c ./Drivers/STM32G4xx_HAL_Driver/Src/stm32g4xx_hal_cortex.o
 .text.__NVIC_SetPriority
                0x080026b0       0x54 ./Drivers/STM32G4xx_HAL_Driver/Src/stm32g4xx_hal_cortex.o
 .text.NVIC_EncodePriority
                0x08002704       0x66 ./Drivers/STM32G4xx_HAL_Driver/Src/stm32g4xx_hal_cortex.o
 *fill*         0x0800276a        0x2 
 .text.SysTick_Config
                0x0800276c       0x44 ./Drivers/STM32G4xx_HAL_Driver/Src/stm32g4xx_hal_cortex.o
 .text.HAL_NVIC_SetPriorityGrouping
                0x080027b0       0x16 ./Drivers/STM32G4xx_HAL_Driver/Src/stm32g4xx_hal_cortex.o
                0x080027b0                HAL_NVIC_SetPriorityGrouping
 .text.HAL_NVIC_SetPriority
                0x080027c6       0x34 ./Drivers/STM32G4xx_HAL_Driver/Src/stm32g4xx_hal_cortex.o
                0x080027c6                HAL_NVIC_SetPriority
 .text.HAL_SYSTICK_Config
                0x080027fa       0x18 ./Drivers/STM32G4xx_HAL_Driver/Src/stm32g4xx_hal_cortex.o
                0x080027fa                HAL_SYSTICK_Config
 *fill*         0x08002812        0x2 
 .text.HAL_GPIO_Init
                0x08002814      0x304 ./Drivers/STM32G4xx_HAL_Driver/Src/stm32g4xx_hal_gpio.o
                0x08002814                HAL_GPIO_Init
 .text.HAL_GPIO_WritePin
                0x08002b18       0x30 ./Drivers/STM32G4xx_HAL_Driver/Src/stm32g4xx_hal_gpio.o
                0x08002b18                HAL_GPIO_WritePin
 .text.HAL_PWREx_ControlVoltageScaling
                0x08002b48      0x148 ./Drivers/STM32G4xx_HAL_Driver/Src/stm32g4xx_hal_pwr_ex.o
                0x08002b48                HAL_PWREx_ControlVoltageScaling
 .text.HAL_PWREx_DisableUCPDDeadBattery
                0x08002c90       0x20 ./Drivers/STM32G4xx_HAL_Driver/Src/stm32g4xx_hal_pwr_ex.o
                0x08002c90                HAL_PWREx_DisableUCPDDeadBattery
 .text.HAL_RCC_OscConfig
                0x08002cb0      0x624 ./Drivers/STM32G4xx_HAL_Driver/Src/stm32g4xx_hal_rcc.o
                0x08002cb0                HAL_RCC_OscConfig
 .text.HAL_RCC_ClockConfig
                0x080032d4      0x278 ./Drivers/STM32G4xx_HAL_Driver/Src/stm32g4xx_hal_rcc.o
                0x080032d4                HAL_RCC_ClockConfig
 .text.HAL_RCC_GetSysClockFreq
                0x0800354c       0xc4 ./Drivers/STM32G4xx_HAL_Driver/Src/stm32g4xx_hal_rcc.o
                0x0800354c                HAL_RCC_GetSysClockFreq
 .text.HAL_RCC_GetHCLKFreq
                0x08003610       0x18 ./Drivers/STM32G4xx_HAL_Driver/Src/stm32g4xx_hal_rcc.o
                0x08003610                HAL_RCC_GetHCLKFreq
 .text.HAL_RCC_GetPCLK1Freq
                0x08003628       0x2c ./Drivers/STM32G4xx_HAL_Driver/Src/stm32g4xx_hal_rcc.o
                0x08003628                HAL_RCC_GetPCLK1Freq
 .text.HAL_RCC_GetPCLK2Freq
                0x08003654       0x2c ./Drivers/STM32G4xx_HAL_Driver/Src/stm32g4xx_hal_rcc.o
                0x08003654                HAL_RCC_GetPCLK2Freq
 .text.RCC_GetSysClockFreqFromPLLSource
                0x08003680       0x8c ./Drivers/STM32G4xx_HAL_Driver/Src/stm32g4xx_hal_rcc.o
 .text.HAL_RCCEx_PeriphCLKConfig
                0x0800370c      0x3e0 ./Drivers/STM32G4xx_HAL_Driver/Src/stm32g4xx_hal_rcc_ex.o
                0x0800370c                HAL_RCCEx_PeriphCLKConfig
 .text.HAL_SPI_Init
                0x08003aec      0x156 ./Drivers/STM32G4xx_HAL_Driver/Src/stm32g4xx_hal_spi.o
                0x08003aec                HAL_SPI_Init
 .text.HAL_TIM_Base_Init
                0x08003c42       0xae ./Drivers/STM32G4xx_HAL_Driver/Src/stm32g4xx_hal_tim.o
                0x08003c42                HAL_TIM_Base_Init
 .text.HAL_TIM_PWM_Init
                0x08003cf0       0xae ./Drivers/STM32G4xx_HAL_Driver/Src/stm32g4xx_hal_tim.o
                0x08003cf0                HAL_TIM_PWM_Init
 .text.HAL_TIM_PWM_MspInit
                0x08003d9e       0x14 ./Drivers/STM32G4xx_HAL_Driver/Src/stm32g4xx_hal_tim.o
                0x08003d9e                HAL_TIM_PWM_MspInit
 *fill*         0x08003db2        0x2 
 .text.HAL_TIM_PWM_Start
                0x08003db4      0x200 ./Drivers/STM32G4xx_HAL_Driver/Src/stm32g4xx_hal_tim.o
                0x08003db4                HAL_TIM_PWM_Start
 .text.HAL_TIM_Encoder_Init
                0x08003fb4      0x14c ./Drivers/STM32G4xx_HAL_Driver/Src/stm32g4xx_hal_tim.o
                0x08003fb4                HAL_TIM_Encoder_Init
 .text.HAL_TIM_Encoder_Start
                0x08004100      0x11c ./Drivers/STM32G4xx_HAL_Driver/Src/stm32g4xx_hal_tim.o
                0x08004100                HAL_TIM_Encoder_Start
 .text.HAL_TIM_PWM_ConfigChannel
                0x0800421c      0x228 ./Drivers/STM32G4xx_HAL_Driver/Src/stm32g4xx_hal_tim.o
                0x0800421c                HAL_TIM_PWM_ConfigChannel
 .text.HAL_TIM_ConfigClockSource
                0x08004444      0x1f4 ./Drivers/STM32G4xx_HAL_Driver/Src/stm32g4xx_hal_tim.o
                0x08004444                HAL_TIM_ConfigClockSource
 .text.TIM_Base_SetConfig
                0x08004638      0x138 ./Drivers/STM32G4xx_HAL_Driver/Src/stm32g4xx_hal_tim.o
                0x08004638                TIM_Base_SetConfig
 .text.TIM_OC1_SetConfig
                0x08004770      0x120 ./Drivers/STM32G4xx_HAL_Driver/Src/stm32g4xx_hal_tim.o
 .text.TIM_OC2_SetConfig
                0x08004890      0x114 ./Drivers/STM32G4xx_HAL_Driver/Src/stm32g4xx_hal_tim.o
                0x08004890                TIM_OC2_SetConfig
 .text.TIM_OC3_SetConfig
                0x080049a4      0x110 ./Drivers/STM32G4xx_HAL_Driver/Src/stm32g4xx_hal_tim.o
 .text.TIM_OC4_SetConfig
                0x08004ab4      0x114 ./Drivers/STM32G4xx_HAL_Driver/Src/stm32g4xx_hal_tim.o
 .text.TIM_OC5_SetConfig
                0x08004bc8       0xc8 ./Drivers/STM32G4xx_HAL_Driver/Src/stm32g4xx_hal_tim.o
 .text.TIM_OC6_SetConfig
                0x08004c90       0xcc ./Drivers/STM32G4xx_HAL_Driver/Src/stm32g4xx_hal_tim.o
 .text.TIM_TI1_ConfigInputStage
                0x08004d5c       0x5e ./Drivers/STM32G4xx_HAL_Driver/Src/stm32g4xx_hal_tim.o
 .text.TIM_TI2_ConfigInputStage
                0x08004dba       0x60 ./Drivers/STM32G4xx_HAL_Driver/Src/stm32g4xx_hal_tim.o
 .text.TIM_ITRx_SetConfig
                0x08004e1a       0x3a ./Drivers/STM32G4xx_HAL_Driver/Src/stm32g4xx_hal_tim.o
 .text.TIM_ETR_SetConfig
                0x08004e54       0x40 ./Drivers/STM32G4xx_HAL_Driver/Src/stm32g4xx_hal_tim.o
                0x08004e54                TIM_ETR_SetConfig
 .text.TIM_CCxChannelCmd
                0x08004e94       0x4a ./Drivers/STM32G4xx_HAL_Driver/Src/stm32g4xx_hal_tim.o
                0x08004e94                TIM_CCxChannelCmd
 *fill*         0x08004ede        0x2 
 .text.HAL_TIMEx_MasterConfigSynchronization
                0x08004ee0      0x104 ./Drivers/STM32G4xx_HAL_Driver/Src/stm32g4xx_hal_tim_ex.o
                0x08004ee0                HAL_TIMEx_MasterConfigSynchronization
 .text.HAL_TIMEx_ConfigBreakDeadTime
                0x08004fe4      0x118 ./Drivers/STM32G4xx_HAL_Driver/Src/stm32g4xx_hal_tim_ex.o
                0x08004fe4                HAL_TIMEx_ConfigBreakDeadTime
 .text.HAL_UART_Init
                0x080050fc       0xa0 ./Drivers/STM32G4xx_HAL_Driver/Src/stm32g4xx_hal_uart.o
                0x080050fc                HAL_UART_Init
 .text.UART_SetConfig
                0x0800519c      0x598 ./Drivers/STM32G4xx_HAL_Driver/Src/stm32g4xx_hal_uart.o
                0x0800519c                UART_SetConfig
 .text.UART_AdvFeatureConfig
                0x08005734      0x144 ./Drivers/STM32G4xx_HAL_Driver/Src/stm32g4xx_hal_uart.o
                0x08005734                UART_AdvFeatureConfig
 .text.UART_CheckIdleState
                0x08005878      0x154 ./Drivers/STM32G4xx_HAL_Driver/Src/stm32g4xx_hal_uart.o
                0x08005878                UART_CheckIdleState
 .text.UART_WaitOnFlagUntilTimeout
                0x080059cc       0xda ./Drivers/STM32G4xx_HAL_Driver/Src/stm32g4xx_hal_uart.o
                0x080059cc                UART_WaitOnFlagUntilTimeout
 .text.UART_EndRxTransfer
                0x08005aa6       0xcc ./Drivers/STM32G4xx_HAL_Driver/Src/stm32g4xx_hal_uart.o
 .text.HAL_UARTEx_DisableFifoMode
                0x08005b72       0x72 ./Drivers/STM32G4xx_HAL_Driver/Src/stm32g4xx_hal_uart_ex.o
                0x08005b72                HAL_UARTEx_DisableFifoMode
 .text.HAL_UARTEx_SetTxFifoThreshold
                0x08005be4       0x7c ./Drivers/STM32G4xx_HAL_Driver/Src/stm32g4xx_hal_uart_ex.o
                0x08005be4                HAL_UARTEx_SetTxFifoThreshold
 .text.HAL_UARTEx_SetRxFifoThreshold
                0x08005c60       0x7c ./Drivers/STM32G4xx_HAL_Driver/Src/stm32g4xx_hal_uart_ex.o
                0x08005c60                HAL_UARTEx_SetRxFifoThreshold
 .text.UARTEx_SetNbDataToProcess
                0x08005cdc       0x9c ./Drivers/STM32G4xx_HAL_Driver/Src/stm32g4xx_hal_uart_ex.o
 .text.memset   0x08005d78       0x10 /opt/st/stm32cubeide_1.17.0/plugins/com.st.stm32cube.ide.mcu.externaltools.gnu-tools-for-stm32.12.3.rel1.linux64_1.1.0.202410170702/tools/bin/../lib/gcc/arm-none-eabi/12.3.1/../../../../arm-none-eabi/lib/thumb/v7e-m+fp/hard/libc_nano.a(libc_a-memset.o)
                0x08005d78                memset
 .text.__libc_init_array
                0x08005d88       0x48 /opt/st/stm32cubeide_1.17.0/plugins/com.st.stm32cube.ide.mcu.externaltools.gnu-tools-for-stm32.12.3.rel1.linux64_1.1.0.202410170702/tools/bin/../lib/gcc/arm-none-eabi/12.3.1/../../../../arm-none-eabi/lib/thumb/v7e-m+fp/hard/libc_nano.a(libc_a-init.o)
                0x08005d88                __libc_init_array
 .text.fmax     0x08005dd0       0x54 /opt/st/stm32cubeide_1.17.0/plugins/com.st.stm32cube.ide.mcu.externaltools.gnu-tools-for-stm32.12.3.rel1.linux64_1.1.0.202410170702/tools/bin/../lib/gcc/arm-none-eabi/12.3.1/../../../../arm-none-eabi/lib/thumb/v7e-m+fp/hard/libm.a(libm_a-s_fmax.o)
                0x08005dd0                fmax
 .text.fmin     0x08005e24       0x54 /opt/st/stm32cubeide_1.17.0/plugins/com.st.stm32cube.ide.mcu.externaltools.gnu-tools-for-stm32.12.3.rel1.linux64_1.1.0.202410170702/tools/bin/../lib/gcc/arm-none-eabi/12.3.1/../../../../arm-none-eabi/lib/thumb/v7e-m+fp/hard/libm.a(libm_a-s_fmin.o)
                0x08005e24                fmin
 .text.__fpclassifyd
                0x08005e78       0x54 /opt/st/stm32cubeide_1.17.0/plugins/com.st.stm32cube.ide.mcu.externaltools.gnu-tools-for-stm32.12.3.rel1.linux64_1.1.0.202410170702/tools/bin/../lib/gcc/arm-none-eabi/12.3.1/../../../../arm-none-eabi/lib/thumb/v7e-m+fp/hard/libm.a(libm_a-s_fpclassify.o)
                0x08005e78                __fpclassifyd
 *(.glue_7)
 .glue_7        0x08005ecc        0x0 linker stubs
 *(.glue_7t)
 .glue_7t       0x08005ecc        0x0 linker stubs
 *(.eh_frame)
 .eh_frame      0x08005ecc        0x0 /opt/st/stm32cubeide_1.17.0/plugins/com.st.stm32cube.ide.mcu.externaltools.gnu-tools-for-stm32.12.3.rel1.linux64_1.1.0.202410170702/tools/bin/../lib/gcc/arm-none-eabi/12.3.1/thumb/v7e-m+fp/hard/crtbegin.o
 *(.init)
 .init          0x08005ecc        0x4 /opt/st/stm32cubeide_1.17.0/plugins/com.st.stm32cube.ide.mcu.externaltools.gnu-tools-for-stm32.12.3.rel1.linux64_1.1.0.202410170702/tools/bin/../lib/gcc/arm-none-eabi/12.3.1/thumb/v7e-m+fp/hard/crti.o
                0x08005ecc                _init
 .init          0x08005ed0        0x8 /opt/st/stm32cubeide_1.17.0/plugins/com.st.stm32cube.ide.mcu.externaltools.gnu-tools-for-stm32.12.3.rel1.linux64_1.1.0.202410170702/tools/bin/../lib/gcc/arm-none-eabi/12.3.1/thumb/v7e-m+fp/hard/crtn.o
 *(.fini)
 .fini          0x08005ed8        0x4 /opt/st/stm32cubeide_1.17.0/plugins/com.st.stm32cube.ide.mcu.externaltools.gnu-tools-for-stm32.12.3.rel1.linux64_1.1.0.202410170702/tools/bin/../lib/gcc/arm-none-eabi/12.3.1/thumb/v7e-m+fp/hard/crti.o
                0x08005ed8                _fini
 .fini          0x08005edc        0x8 /opt/st/stm32cubeide_1.17.0/plugins/com.st.stm32cube.ide.mcu.externaltools.gnu-tools-for-stm32.12.3.rel1.linux64_1.1.0.202410170702/tools/bin/../lib/gcc/arm-none-eabi/12.3.1/thumb/v7e-m+fp/hard/crtn.o
                0x08005ee4                        . = ALIGN (0x4)
                0x08005ee4                        _etext = .

.vfp11_veneer   0x08005ee4        0x0
 .vfp11_veneer  0x08005ee4        0x0 linker stubs

.v4_bx          0x08005ee4        0x0
 .v4_bx         0x08005ee4        0x0 linker stubs

.iplt           0x08005ee4        0x0
 .iplt          0x08005ee4        0x0 /opt/st/stm32cubeide_1.17.0/plugins/com.st.stm32cube.ide.mcu.externaltools.gnu-tools-for-stm32.12.3.rel1.linux64_1.1.0.202410170702/tools/bin/../lib/gcc/arm-none-eabi/12.3.1/thumb/v7e-m+fp/hard/crtbegin.o

.rodata         0x08005ee4       0x40
                0x08005ee4                        . = ALIGN (0x4)
 *(.rodata)
 *(.rodata*)
 .rodata.AHBPrescTable
                0x08005ee4       0x10 ./Core/Src/system_stm32g4xx.o
                0x08005ee4                AHBPrescTable
 .rodata.APBPrescTable
                0x08005ef4        0x8 ./Core/Src/system_stm32g4xx.o
                0x08005ef4                APBPrescTable
 .rodata.UARTPrescTable
                0x08005efc       0x18 ./Drivers/STM32G4xx_HAL_Driver/Src/stm32g4xx_hal_uart.o
                0x08005efc                UARTPrescTable
 .rodata.numerator.1
                0x08005f14        0x8 ./Drivers/STM32G4xx_HAL_Driver/Src/stm32g4xx_hal_uart_ex.o
 .rodata.denominator.0
                0x08005f1c        0x8 ./Drivers/STM32G4xx_HAL_Driver/Src/stm32g4xx_hal_uart_ex.o
                0x08005f24                        . = ALIGN (0x4)

.ARM.extab      0x08005f24        0x0
                0x08005f24                        . = ALIGN (0x4)
 *(.ARM.extab* .gnu.linkonce.armextab.*)
                0x08005f24                        . = ALIGN (0x4)

.ARM            0x08005f24        0x8
                0x08005f24                        . = ALIGN (0x4)
                0x08005f24                        __exidx_start = .
 *(.ARM.exidx*)
 .ARM.exidx     0x08005f24        0x8 /opt/st/stm32cubeide_1.17.0/plugins/com.st.stm32cube.ide.mcu.externaltools.gnu-tools-for-stm32.12.3.rel1.linux64_1.1.0.202410170702/tools/bin/../lib/gcc/arm-none-eabi/12.3.1/thumb/v7e-m+fp/hard/libgcc.a(_udivmoddi4.o)
                0x08005f2c                        __exidx_end = .
                0x08005f2c                        . = ALIGN (0x4)

.preinit_array  0x08005f2c        0x0
                0x08005f2c                        . = ALIGN (0x4)
                0x08005f2c                        PROVIDE (__preinit_array_start = .)
 *(.preinit_array*)
                0x08005f2c                        PROVIDE (__preinit_array_end = .)
                0x08005f2c                        . = ALIGN (0x4)

.init_array     0x08005f2c        0x4
                0x08005f2c                        . = ALIGN (0x4)
                0x08005f2c                        PROVIDE (__init_array_start = .)
 *(SORT_BY_NAME(.init_array.*))
 *(.init_array*)
 .init_array    0x08005f2c        0x4 /opt/st/stm32cubeide_1.17.0/plugins/com.st.stm32cube.ide.mcu.externaltools.gnu-tools-for-stm32.12.3.rel1.linux64_1.1.0.202410170702/tools/bin/../lib/gcc/arm-none-eabi/12.3.1/thumb/v7e-m+fp/hard/crtbegin.o
                0x08005f30                        PROVIDE (__init_array_end = .)
                0x08005f30                        . = ALIGN (0x4)

.fini_array     0x08005f30        0x4
                0x08005f30                        . = ALIGN (0x4)
                [!provide]                        PROVIDE (__fini_array_start = .)
 *(SORT_BY_NAME(.fini_array.*))
 *(.fini_array*)
 .fini_array    0x08005f30        0x4 /opt/st/stm32cubeide_1.17.0/plugins/com.st.stm32cube.ide.mcu.externaltools.gnu-tools-for-stm32.12.3.rel1.linux64_1.1.0.202410170702/tools/bin/../lib/gcc/arm-none-eabi/12.3.1/thumb/v7e-m+fp/hard/crtbegin.o
                [!provide]                        PROVIDE (__fini_array_end = .)
                0x08005f34                        . = ALIGN (0x4)
                0x08005f34                        _sidata = LOADADDR (.data)

.rel.dyn        0x08005f34        0x0
 .rel.iplt      0x08005f34        0x0 /opt/st/stm32cubeide_1.17.0/plugins/com.st.stm32cube.ide.mcu.externaltools.gnu-tools-for-stm32.12.3.rel1.linux64_1.1.0.202410170702/tools/bin/../lib/gcc/arm-none-eabi/12.3.1/thumb/v7e-m+fp/hard/crtbegin.o

.data           0x20000000        0xc load address 0x08005f34
                0x20000000                        . = ALIGN (0x4)
                0x20000000                        _sdata = .
 *(.data)
 *(.data*)
 .data.SystemCoreClock
                0x20000000        0x4 ./Core/Src/system_stm32g4xx.o
                0x20000000                SystemCoreClock
 .data.uwTickPrio
                0x20000004        0x4 ./Drivers/STM32G4xx_HAL_Driver/Src/stm32g4xx_hal.o
                0x20000004                uwTickPrio
 .data.uwTickFreq
                0x20000008        0x4 ./Drivers/STM32G4xx_HAL_Driver/Src/stm32g4xx_hal.o
                0x20000008                uwTickFreq
 *(.RamFunc)
 *(.RamFunc*)
                0x2000000c                        . = ALIGN (0x4)
                0x2000000c                        _edata = .

.igot.plt       0x2000000c        0x0 load address 0x08005f40
 .igot.plt      0x2000000c        0x0 /opt/st/stm32cubeide_1.17.0/plugins/com.st.stm32cube.ide.mcu.externaltools.gnu-tools-for-stm32.12.3.rel1.linux64_1.1.0.202410170702/tools/bin/../lib/gcc/arm-none-eabi/12.3.1/thumb/v7e-m+fp/hard/crtbegin.o
                0x2000000c                        . = ALIGN (0x4)

.bss            0x20000010      0x37c load address 0x08005f40
                0x20000010                        _sbss = .
                0x20000010                        __bss_start__ = _sbss
 *(.bss)
 .bss           0x20000010       0x1c /opt/st/stm32cubeide_1.17.0/plugins/com.st.stm32cube.ide.mcu.externaltools.gnu-tools-for-stm32.12.3.rel1.linux64_1.1.0.202410170702/tools/bin/../lib/gcc/arm-none-eabi/12.3.1/thumb/v7e-m+fp/hard/crtbegin.o
 *(.bss*)
 .bss.hspi1     0x2000002c       0x64 ./Core/Src/main.o
                0x2000002c                hspi1
 .bss.htim1     0x20000090       0x4c ./Core/Src/main.o
                0x20000090                htim1
 .bss.htim2     0x200000dc       0x4c ./Core/Src/main.o
                0x200000dc                htim2
 .bss.htim3     0x20000128       0x4c ./Core/Src/main.o
                0x20000128                htim3
 .bss.htim4     0x20000174       0x4c ./Core/Src/main.o
                0x20000174                htim4
 .bss.huart1    0x200001c0       0x94 ./Core/Src/main.o
                0x200001c0                huart1
 *fill*         0x20000254        0x4 
 .bss.pidLeft   0x20000258       0x70 ./Core/Src/main.o
                0x20000258                pidLeft
 .bss.pidRight  0x200002c8       0x70 ./Core/Src/main.o
                0x200002c8                pidRight
 .bss.left_rpm  0x20000338        0x8 ./Core/Src/main.o
                0x20000338                left_rpm
 .bss.right_rpm
                0x20000340        0x8 ./Core/Src/main.o
                0x20000340                right_rpm
 .bss.setpoint_left_rpm
                0x20000348        0x8 ./Core/Src/main.o
                0x20000348                setpoint_left_rpm
 .bss.setpoint_right_rpm
                0x20000350        0x8 ./Core/Src/main.o
                0x20000350                setpoint_right_rpm
 .bss.outputLeft
                0x20000358        0x8 ./Core/Src/main.o
                0x20000358                outputLeft
 .bss.outputRight
                0x20000360        0x8 ./Core/Src/main.o
                0x20000360                outputRight
 .bss.inputLeft
                0x20000368        0x8 ./Core/Src/main.o
                0x20000368                inputLeft
 .bss.inputRight
                0x20000370        0x8 ./Core/Src/main.o
                0x20000370                inputRight
 .bss.vL        0x20000378        0x4 ./Core/Src/main.o
                0x20000378                vL
 .bss.vR        0x2000037c        0x4 ./Core/Src/main.o
                0x2000037c                vR
 .bss.last_left_encoder
                0x20000380        0x2 ./Core/Src/main.o
                0x20000380                last_left_encoder
 .bss.last_right_encoder
                0x20000382        0x2 ./Core/Src/main.o
                0x20000382                last_right_encoder
 .bss.last_time
                0x20000384        0x4 ./Core/Src/main.o
                0x20000384                last_time
 .bss.uwTick    0x20000388        0x4 ./Drivers/STM32G4xx_HAL_Driver/Src/stm32g4xx_hal.o
                0x20000388                uwTick
 *(COMMON)
                0x2000038c                        . = ALIGN (0x4)
                0x2000038c                        _ebss = .
                0x2000038c                        __bss_end__ = _ebss

._user_heap_stack
                0x2000038c      0x604 load address 0x08005f40
                0x20000390                        . = ALIGN (0x8)
 *fill*         0x2000038c        0x4 
                [!provide]                        PROVIDE (end = .)
                0x20000390                        PROVIDE (_end = .)
                0x20000590                        . = (. + _Min_Heap_Size)
 *fill*         0x20000390      0x200 
                0x20000990                        . = (. + _Min_Stack_Size)
 *fill*         0x20000590      0x400 
                0x20000990                        . = ALIGN (0x8)

/DISCARD/
 libc.a(*)
 libm.a(*)
 libgcc.a(*)

.ARM.attributes
                0x00000000       0x30
 *(.ARM.attributes)
 .ARM.attributes
                0x00000000       0x22 /opt/st/stm32cubeide_1.17.0/plugins/com.st.stm32cube.ide.mcu.externaltools.gnu-tools-for-stm32.12.3.rel1.linux64_1.1.0.202410170702/tools/bin/../lib/gcc/arm-none-eabi/12.3.1/thumb/v7e-m+fp/hard/crti.o
 .ARM.attributes
                0x00000022       0x34 /opt/st/stm32cubeide_1.17.0/plugins/com.st.stm32cube.ide.mcu.externaltools.gnu-tools-for-stm32.12.3.rel1.linux64_1.1.0.202410170702/tools/bin/../lib/gcc/arm-none-eabi/12.3.1/thumb/v7e-m+fp/hard/crtbegin.o
 .ARM.attributes
                0x00000056       0x34 ./Core/Src/PID.o
 .ARM.attributes
                0x0000008a       0x34 ./Core/Src/main.o
 .ARM.attributes
                0x000000be       0x34 ./Core/Src/stm32g4xx_hal_msp.o
 .ARM.attributes
                0x000000f2       0x34 ./Core/Src/stm32g4xx_it.o
 .ARM.attributes
                0x00000126       0x34 ./Core/Src/system_stm32g4xx.o
 .ARM.attributes
                0x0000015a       0x21 ./Core/Startup/startup_stm32g431cbux.o
 .ARM.attributes
                0x0000017b       0x34 ./Drivers/STM32G4xx_HAL_Driver/Src/stm32g4xx_hal.o
 .ARM.attributes
                0x000001af       0x34 ./Drivers/STM32G4xx_HAL_Driver/Src/stm32g4xx_hal_cortex.o
 .ARM.attributes
                0x000001e3       0x34 ./Drivers/STM32G4xx_HAL_Driver/Src/stm32g4xx_hal_gpio.o
 .ARM.attributes
                0x00000217       0x34 ./Drivers/STM32G4xx_HAL_Driver/Src/stm32g4xx_hal_pwr_ex.o
 .ARM.attributes
                0x0000024b       0x34 ./Drivers/STM32G4xx_HAL_Driver/Src/stm32g4xx_hal_rcc.o
 .ARM.attributes
                0x0000027f       0x34 ./Drivers/STM32G4xx_HAL_Driver/Src/stm32g4xx_hal_rcc_ex.o
 .ARM.attributes
                0x000002b3       0x34 ./Drivers/STM32G4xx_HAL_Driver/Src/stm32g4xx_hal_spi.o
 .ARM.attributes
                0x000002e7       0x34 ./Drivers/STM32G4xx_HAL_Driver/Src/stm32g4xx_hal_tim.o
 .ARM.attributes
                0x0000031b       0x34 ./Drivers/STM32G4xx_HAL_Driver/Src/stm32g4xx_hal_tim_ex.o
 .ARM.attributes
                0x0000034f       0x34 ./Drivers/STM32G4xx_HAL_Driver/Src/stm32g4xx_hal_uart.o
 .ARM.attributes
                0x00000383       0x34 ./Drivers/STM32G4xx_HAL_Driver/Src/stm32g4xx_hal_uart_ex.o
 .ARM.attributes
                0x000003b7       0x34 /opt/st/stm32cubeide_1.17.0/plugins/com.st.stm32cube.ide.mcu.externaltools.gnu-tools-for-stm32.12.3.rel1.linux64_1.1.0.202410170702/tools/bin/../lib/gcc/arm-none-eabi/12.3.1/../../../../arm-none-eabi/lib/thumb/v7e-m+fp/hard/libc_nano.a(libc_a-memset.o)
 .ARM.attributes
                0x000003eb       0x34 /opt/st/stm32cubeide_1.17.0/plugins/com.st.stm32cube.ide.mcu.externaltools.gnu-tools-for-stm32.12.3.rel1.linux64_1.1.0.202410170702/tools/bin/../lib/gcc/arm-none-eabi/12.3.1/../../../../arm-none-eabi/lib/thumb/v7e-m+fp/hard/libc_nano.a(libc_a-init.o)
 .ARM.attributes
                0x0000041f       0x34 /opt/st/stm32cubeide_1.17.0/plugins/com.st.stm32cube.ide.mcu.externaltools.gnu-tools-for-stm32.12.3.rel1.linux64_1.1.0.202410170702/tools/bin/../lib/gcc/arm-none-eabi/12.3.1/../../../../arm-none-eabi/lib/thumb/v7e-m+fp/hard/libm.a(libm_a-s_fmax.o)
 .ARM.attributes
                0x00000453       0x34 /opt/st/stm32cubeide_1.17.0/plugins/com.st.stm32cube.ide.mcu.externaltools.gnu-tools-for-stm32.12.3.rel1.linux64_1.1.0.202410170702/tools/bin/../lib/gcc/arm-none-eabi/12.3.1/../../../../arm-none-eabi/lib/thumb/v7e-m+fp/hard/libm.a(libm_a-s_fmin.o)
 .ARM.attributes
                0x00000487       0x34 /opt/st/stm32cubeide_1.17.0/plugins/com.st.stm32cube.ide.mcu.externaltools.gnu-tools-for-stm32.12.3.rel1.linux64_1.1.0.202410170702/tools/bin/../lib/gcc/arm-none-eabi/12.3.1/../../../../arm-none-eabi/lib/thumb/v7e-m+fp/hard/libm.a(libm_a-s_fpclassify.o)
 .ARM.attributes
                0x000004bb       0x22 /opt/st/stm32cubeide_1.17.0/plugins/com.st.stm32cube.ide.mcu.externaltools.gnu-tools-for-stm32.12.3.rel1.linux64_1.1.0.202410170702/tools/bin/../lib/gcc/arm-none-eabi/12.3.1/thumb/v7e-m+fp/hard/libgcc.a(_arm_addsubdf3.o)
 .ARM.attributes
                0x000004dd       0x22 /opt/st/stm32cubeide_1.17.0/plugins/com.st.stm32cube.ide.mcu.externaltools.gnu-tools-for-stm32.12.3.rel1.linux64_1.1.0.202410170702/tools/bin/../lib/gcc/arm-none-eabi/12.3.1/thumb/v7e-m+fp/hard/libgcc.a(_arm_muldivdf3.o)
 .ARM.attributes
                0x000004ff       0x22 /opt/st/stm32cubeide_1.17.0/plugins/com.st.stm32cube.ide.mcu.externaltools.gnu-tools-for-stm32.12.3.rel1.linux64_1.1.0.202410170702/tools/bin/../lib/gcc/arm-none-eabi/12.3.1/thumb/v7e-m+fp/hard/libgcc.a(_arm_cmpdf2.o)
 .ARM.attributes
                0x00000521       0x22 /opt/st/stm32cubeide_1.17.0/plugins/com.st.stm32cube.ide.mcu.externaltools.gnu-tools-for-stm32.12.3.rel1.linux64_1.1.0.202410170702/tools/bin/../lib/gcc/arm-none-eabi/12.3.1/thumb/v7e-m+fp/hard/libgcc.a(_arm_truncdfsf2.o)
 .ARM.attributes
                0x00000543       0x22 /opt/st/stm32cubeide_1.17.0/plugins/com.st.stm32cube.ide.mcu.externaltools.gnu-tools-for-stm32.12.3.rel1.linux64_1.1.0.202410170702/tools/bin/../lib/gcc/arm-none-eabi/12.3.1/thumb/v7e-m+fp/hard/libgcc.a(_aeabi_uldivmod.o)
 .ARM.attributes
                0x00000565       0x34 /opt/st/stm32cubeide_1.17.0/plugins/com.st.stm32cube.ide.mcu.externaltools.gnu-tools-for-stm32.12.3.rel1.linux64_1.1.0.202410170702/tools/bin/../lib/gcc/arm-none-eabi/12.3.1/thumb/v7e-m+fp/hard/libgcc.a(_udivmoddi4.o)
 .ARM.attributes
                0x00000599       0x22 /opt/st/stm32cubeide_1.17.0/plugins/com.st.stm32cube.ide.mcu.externaltools.gnu-tools-for-stm32.12.3.rel1.linux64_1.1.0.202410170702/tools/bin/../lib/gcc/arm-none-eabi/12.3.1/thumb/v7e-m+fp/hard/libgcc.a(_dvmd_tls.o)
 .ARM.attributes
                0x000005bb       0x22 /opt/st/stm32cubeide_1.17.0/plugins/com.st.stm32cube.ide.mcu.externaltools.gnu-tools-for-stm32.12.3.rel1.linux64_1.1.0.202410170702/tools/bin/../lib/gcc/arm-none-eabi/12.3.1/thumb/v7e-m+fp/hard/crtn.o
OUTPUT(VSSS_FIRMWARE.elf elf32-littlearm)
LOAD linker stubs
LOAD /opt/st/stm32cubeide_1.17.0/plugins/com.st.stm32cube.ide.mcu.externaltools.gnu-tools-for-stm32.12.3.rel1.linux64_1.1.0.202410170702/tools/bin/../lib/gcc/arm-none-eabi/12.3.1/../../../../arm-none-eabi/lib/thumb/v7e-m+fp/hard/libc.a
LOAD /opt/st/stm32cubeide_1.17.0/plugins/com.st.stm32cube.ide.mcu.externaltools.gnu-tools-for-stm32.12.3.rel1.linux64_1.1.0.202410170702/tools/bin/../lib/gcc/arm-none-eabi/12.3.1/../../../../arm-none-eabi/lib/thumb/v7e-m+fp/hard/libm.a
LOAD /opt/st/stm32cubeide_1.17.0/plugins/com.st.stm32cube.ide.mcu.externaltools.gnu-tools-for-stm32.12.3.rel1.linux64_1.1.0.202410170702/tools/bin/../lib/gcc/arm-none-eabi/12.3.1/thumb/v7e-m+fp/hard/libgcc.a

.debug_info     0x00000000    0x13b40
 .debug_info    0x00000000      0x672 ./Core/Src/PID.o
 .debug_info    0x00000672     0x1f1e ./Core/Src/main.o
 .debug_info    0x00002590     0x1633 ./Core/Src/stm32g4xx_hal_msp.o
 .debug_info    0x00003bc3      0x113 ./Core/Src/stm32g4xx_it.o
 .debug_info    0x00003cd6      0x58e ./Core/Src/system_stm32g4xx.o
 .debug_info    0x00004264       0x30 ./Core/Startup/startup_stm32g431cbux.o
 .debug_info    0x00004294      0xadb ./Drivers/STM32G4xx_HAL_Driver/Src/stm32g4xx_hal.o
 .debug_info    0x00004d6f      0xd3f ./Drivers/STM32G4xx_HAL_Driver/Src/stm32g4xx_hal_cortex.o
 .debug_info    0x00005aae      0x763 ./Drivers/STM32G4xx_HAL_Driver/Src/stm32g4xx_hal_gpio.o
 .debug_info    0x00006211      0x93f ./Drivers/STM32G4xx_HAL_Driver/Src/stm32g4xx_hal_pwr_ex.o
 .debug_info    0x00006b50      0xb82 ./Drivers/STM32G4xx_HAL_Driver/Src/stm32g4xx_hal_rcc.o
 .debug_info    0x000076d2      0xc15 ./Drivers/STM32G4xx_HAL_Driver/Src/stm32g4xx_hal_rcc_ex.o
 .debug_info    0x000082e7     0x1677 ./Drivers/STM32G4xx_HAL_Driver/Src/stm32g4xx_hal_spi.o
 .debug_info    0x0000995e     0x2c52 ./Drivers/STM32G4xx_HAL_Driver/Src/stm32g4xx_hal_tim.o
 .debug_info    0x0000c5b0     0x1d95 ./Drivers/STM32G4xx_HAL_Driver/Src/stm32g4xx_hal_tim_ex.o
 .debug_info    0x0000e345     0x481e ./Drivers/STM32G4xx_HAL_Driver/Src/stm32g4xx_hal_uart.o
 .debug_info    0x00012b63      0xfdd ./Drivers/STM32G4xx_HAL_Driver/Src/stm32g4xx_hal_uart_ex.o

.debug_abbrev   0x00000000     0x25a5
 .debug_abbrev  0x00000000      0x1dc ./Core/Src/PID.o
 .debug_abbrev  0x000001dc      0x331 ./Core/Src/main.o
 .debug_abbrev  0x0000050d      0x2a3 ./Core/Src/stm32g4xx_hal_msp.o
 .debug_abbrev  0x000007b0       0x73 ./Core/Src/stm32g4xx_it.o
 .debug_abbrev  0x00000823      0x11a ./Core/Src/system_stm32g4xx.o
 .debug_abbrev  0x0000093d       0x24 ./Core/Startup/startup_stm32g431cbux.o
 .debug_abbrev  0x00000961      0x271 ./Drivers/STM32G4xx_HAL_Driver/Src/stm32g4xx_hal.o
 .debug_abbrev  0x00000bd2      0x31c ./Drivers/STM32G4xx_HAL_Driver/Src/stm32g4xx_hal_cortex.o
 .debug_abbrev  0x00000eee      0x1cb ./Drivers/STM32G4xx_HAL_Driver/Src/stm32g4xx_hal_gpio.o
 .debug_abbrev  0x000010b9      0x22c ./Drivers/STM32G4xx_HAL_Driver/Src/stm32g4xx_hal_pwr_ex.o
 .debug_abbrev  0x000012e5      0x2c9 ./Drivers/STM32G4xx_HAL_Driver/Src/stm32g4xx_hal_rcc.o
 .debug_abbrev  0x000015ae      0x258 ./Drivers/STM32G4xx_HAL_Driver/Src/stm32g4xx_hal_rcc_ex.o
 .debug_abbrev  0x00001806      0x25d ./Drivers/STM32G4xx_HAL_Driver/Src/stm32g4xx_hal_spi.o
 .debug_abbrev  0x00001a63      0x2a7 ./Drivers/STM32G4xx_HAL_Driver/Src/stm32g4xx_hal_tim.o
 .debug_abbrev  0x00001d0a      0x2c5 ./Drivers/STM32G4xx_HAL_Driver/Src/stm32g4xx_hal_tim_ex.o
 .debug_abbrev  0x00001fcf      0x304 ./Drivers/STM32G4xx_HAL_Driver/Src/stm32g4xx_hal_uart.o
 .debug_abbrev  0x000022d3      0x2d2 ./Drivers/STM32G4xx_HAL_Driver/Src/stm32g4xx_hal_uart_ex.o

.debug_aranges  0x00000000     0x1260
 .debug_aranges
                0x00000000       0x90 ./Core/Src/PID.o
 .debug_aranges
                0x00000090       0x80 ./Core/Src/main.o
 .debug_aranges
                0x00000110       0x68 ./Core/Src/stm32g4xx_hal_msp.o
 .debug_aranges
                0x00000178       0x60 ./Core/Src/stm32g4xx_it.o
 .debug_aranges
                0x000001d8       0x28 ./Core/Src/system_stm32g4xx.o
 .debug_aranges
                0x00000200       0x28 ./Core/Startup/startup_stm32g431cbux.o
 .debug_aranges
                0x00000228      0x148 ./Drivers/STM32G4xx_HAL_Driver/Src/stm32g4xx_hal.o
 .debug_aranges
                0x00000370      0x128 ./Drivers/STM32G4xx_HAL_Driver/Src/stm32g4xx_hal_cortex.o
 .debug_aranges
                0x00000498       0x58 ./Drivers/STM32G4xx_HAL_Driver/Src/stm32g4xx_hal_gpio.o
 .debug_aranges
                0x000004f0      0x140 ./Drivers/STM32G4xx_HAL_Driver/Src/stm32g4xx_hal_pwr_ex.o
 .debug_aranges
                0x00000630       0x98 ./Drivers/STM32G4xx_HAL_Driver/Src/stm32g4xx_hal_rcc.o
 .debug_aranges
                0x000006c8       0xb0 ./Drivers/STM32G4xx_HAL_Driver/Src/stm32g4xx_hal_rcc_ex.o
 .debug_aranges
                0x00000778      0x1d8 ./Drivers/STM32G4xx_HAL_Driver/Src/stm32g4xx_hal_spi.o
 .debug_aranges
                0x00000950      0x3e0 ./Drivers/STM32G4xx_HAL_Driver/Src/stm32g4xx_hal_tim.o
 .debug_aranges
                0x00000d30      0x240 ./Drivers/STM32G4xx_HAL_Driver/Src/stm32g4xx_hal_tim_ex.o
 .debug_aranges
                0x00000f70      0x248 ./Drivers/STM32G4xx_HAL_Driver/Src/stm32g4xx_hal_uart.o
 .debug_aranges
                0x000011b8       0xa8 ./Drivers/STM32G4xx_HAL_Driver/Src/stm32g4xx_hal_uart_ex.o

.debug_rnglists
                0x00000000      0xe70
 .debug_rnglists
                0x00000000       0x6c ./Core/Src/PID.o
 .debug_rnglists
                0x0000006c       0x66 ./Core/Src/main.o
 .debug_rnglists
                0x000000d2       0x4d ./Core/Src/stm32g4xx_hal_msp.o
 .debug_rnglists
                0x0000011f       0x43 ./Core/Src/stm32g4xx_it.o
 .debug_rnglists
                0x00000162       0x1a ./Core/Src/system_stm32g4xx.o
 .debug_rnglists
                0x0000017c       0x19 ./Core/Startup/startup_stm32g431cbux.o
 .debug_rnglists
                0x00000195       0xf1 ./Drivers/STM32G4xx_HAL_Driver/Src/stm32g4xx_hal.o
 .debug_rnglists
                0x00000286       0xda ./Drivers/STM32G4xx_HAL_Driver/Src/stm32g4xx_hal_cortex.o
 .debug_rnglists
                0x00000360       0x3f ./Drivers/STM32G4xx_HAL_Driver/Src/stm32g4xx_hal_gpio.o
 .debug_rnglists
                0x0000039f       0xf1 ./Drivers/STM32G4xx_HAL_Driver/Src/stm32g4xx_hal_pwr_ex.o
 .debug_rnglists
                0x00000490       0x74 ./Drivers/STM32G4xx_HAL_Driver/Src/stm32g4xx_hal_rcc.o
 .debug_rnglists
                0x00000504       0x87 ./Drivers/STM32G4xx_HAL_Driver/Src/stm32g4xx_hal_rcc_ex.o
 .debug_rnglists
                0x0000058b      0x178 ./Drivers/STM32G4xx_HAL_Driver/Src/stm32g4xx_hal_spi.o
 .debug_rnglists
                0x00000703      0x328 ./Drivers/STM32G4xx_HAL_Driver/Src/stm32g4xx_hal_tim.o
 .debug_rnglists
                0x00000a2b      0x1cc ./Drivers/STM32G4xx_HAL_Driver/Src/stm32g4xx_hal_tim_ex.o
 .debug_rnglists
                0x00000bf7      0x1fa ./Drivers/STM32G4xx_HAL_Driver/Src/stm32g4xx_hal_uart.o
 .debug_rnglists
                0x00000df1       0x7f ./Drivers/STM32G4xx_HAL_Driver/Src/stm32g4xx_hal_uart_ex.o

.debug_macro    0x00000000    0x1e9e3
 .debug_macro   0x00000000      0x2cf ./Core/Src/PID.o
 .debug_macro   0x000002cf      0xab4 ./Core/Src/PID.o
 .debug_macro   0x00000d83       0x22 ./Core/Src/PID.o
 .debug_macro   0x00000da5       0x8e ./Core/Src/PID.o
 .debug_macro   0x00000e33       0x51 ./Core/Src/PID.o
 .debug_macro   0x00000e84      0x103 ./Core/Src/PID.o
 .debug_macro   0x00000f87       0x6a ./Core/Src/PID.o
 .debug_macro   0x00000ff1      0x1df ./Core/Src/PID.o
 .debug_macro   0x000011d0       0x61 ./Core/Src/PID.o
 .debug_macro   0x00001231       0x2a ./Core/Src/PID.o
 .debug_macro   0x0000125b       0x43 ./Core/Src/PID.o
 .debug_macro   0x0000129e       0x34 ./Core/Src/PID.o
 .debug_macro   0x000012d2      0x189 ./Core/Src/PID.o
 .debug_macro   0x0000145b       0x16 ./Core/Src/PID.o
 .debug_macro   0x00001471       0x43 ./Core/Src/PID.o
 .debug_macro   0x000014b4       0x34 ./Core/Src/PID.o
 .debug_macro   0x000014e8       0x10 ./Core/Src/PID.o
 .debug_macro   0x000014f8       0x58 ./Core/Src/PID.o
 .debug_macro   0x00001550       0x8e ./Core/Src/PID.o
 .debug_macro   0x000015de       0x1c ./Core/Src/PID.o
 .debug_macro   0x000015fa      0x177 ./Core/Src/PID.o
 .debug_macro   0x00001771      0x369 ./Core/Src/PID.o
 .debug_macro   0x00001ada       0x10 ./Core/Src/PID.o
 .debug_macro   0x00001aea       0x35 ./Core/Src/PID.o
 .debug_macro   0x00001b1f       0x20 ./Core/Src/PID.o
 .debug_macro   0x00001b3f      0x161 ./Core/Src/PID.o
 .debug_macro   0x00001ca0       0x2e ./Core/Src/PID.o
 .debug_macro   0x00001cce       0x28 ./Core/Src/PID.o
 .debug_macro   0x00001cf6       0x1c ./Core/Src/PID.o
 .debug_macro   0x00001d12       0x22 ./Core/Src/PID.o
 .debug_macro   0x00001d34       0xfb ./Core/Src/PID.o
 .debug_macro   0x00001e2f     0x1011 ./Core/Src/PID.o
 .debug_macro   0x00002e40      0x11f ./Core/Src/PID.o
 .debug_macro   0x00002f5f    0x1138f ./Core/Src/PID.o
 .debug_macro   0x000142ee       0x6d ./Core/Src/PID.o
 .debug_macro   0x0001435b     0x3558 ./Core/Src/PID.o
 .debug_macro   0x000178b3       0x56 ./Core/Src/PID.o
 .debug_macro   0x00017909     0x141d ./Core/Src/PID.o
 .debug_macro   0x00018d26      0x535 ./Core/Src/PID.o
 .debug_macro   0x0001925b      0x1b6 ./Core/Src/PID.o
 .debug_macro   0x00019411      0x288 ./Core/Src/PID.o
 .debug_macro   0x00019699      0x41d ./Core/Src/PID.o
 .debug_macro   0x00019ab6      0x18b ./Core/Src/PID.o
 .debug_macro   0x00019c41       0x43 ./Core/Src/PID.o
 .debug_macro   0x00019c84      0x23d ./Core/Src/PID.o
 .debug_macro   0x00019ec1      0x211 ./Core/Src/PID.o
 .debug_macro   0x0001a0d2      0x401 ./Core/Src/PID.o
 .debug_macro   0x0001a4d3      0x107 ./Core/Src/PID.o
 .debug_macro   0x0001a5da      0x122 ./Core/Src/PID.o
 .debug_macro   0x0001a6fc      0x3d1 ./Core/Src/PID.o
 .debug_macro   0x0001aacd      0x2fe ./Core/Src/PID.o
 .debug_macro   0x0001adcb      0xbda ./Core/Src/PID.o
 .debug_macro   0x0001b9a5      0x47e ./Core/Src/PID.o
 .debug_macro   0x0001be23      0x693 ./Core/Src/PID.o
 .debug_macro   0x0001c4b6       0xa6 ./Core/Src/PID.o
 .debug_macro   0x0001c55c      0x306 ./Core/Src/PID.o
 .debug_macro   0x0001c862       0x10 ./Core/Src/PID.o
 .debug_macro   0x0001c872       0x29 ./Core/Src/PID.o
 .debug_macro   0x0001c89b      0x332 ./Core/Src/main.o
 .debug_macro   0x0001cbcd       0x5c ./Core/Src/main.o
 .debug_macro   0x0001cc29      0x19b ./Core/Src/main.o
 .debug_macro   0x0001cdc4       0x16 ./Core/Src/main.o
 .debug_macro   0x0001cdda       0x16 ./Core/Src/main.o
 .debug_macro   0x0001cdf0       0x29 ./Core/Src/main.o
 .debug_macro   0x0001ce19      0x1f2 ./Core/Src/stm32g4xx_hal_msp.o
 .debug_macro   0x0001d00b      0x1fc ./Core/Src/stm32g4xx_it.o
 .debug_macro   0x0001d207      0x1e3 ./Core/Src/system_stm32g4xx.o
 .debug_macro   0x0001d3ea      0x231 ./Drivers/STM32G4xx_HAL_Driver/Src/stm32g4xx_hal.o
 .debug_macro   0x0001d61b      0x1e3 ./Drivers/STM32G4xx_HAL_Driver/Src/stm32g4xx_hal_cortex.o
 .debug_macro   0x0001d7fe      0x1ea ./Drivers/STM32G4xx_HAL_Driver/Src/stm32g4xx_hal_gpio.o
 .debug_macro   0x0001d9e8      0x20d ./Drivers/STM32G4xx_HAL_Driver/Src/stm32g4xx_hal_pwr_ex.o
 .debug_macro   0x0001dbf5      0x225 ./Drivers/STM32G4xx_HAL_Driver/Src/stm32g4xx_hal_rcc.o
 .debug_macro   0x0001de1a      0x20d ./Drivers/STM32G4xx_HAL_Driver/Src/stm32g4xx_hal_rcc_ex.o
 .debug_macro   0x0001e027      0x1eb ./Drivers/STM32G4xx_HAL_Driver/Src/stm32g4xx_hal_spi.o
 .debug_macro   0x0001e212      0x1eb ./Drivers/STM32G4xx_HAL_Driver/Src/stm32g4xx_hal_tim.o
 .debug_macro   0x0001e3fd      0x1e9 ./Drivers/STM32G4xx_HAL_Driver/Src/stm32g4xx_hal_tim_ex.o
 .debug_macro   0x0001e5e6      0x20e ./Drivers/STM32G4xx_HAL_Driver/Src/stm32g4xx_hal_uart.o
 .debug_macro   0x0001e7f4      0x1ef ./Drivers/STM32G4xx_HAL_Driver/Src/stm32g4xx_hal_uart_ex.o

.debug_line     0x00000000    0x14610
 .debug_line    0x00000000      0xbbe ./Core/Src/PID.o
 .debug_line    0x00000bbe      0xca0 ./Core/Src/main.o
 .debug_line    0x0000185e      0x8cf ./Core/Src/stm32g4xx_hal_msp.o
 .debug_line    0x0000212d      0x79a ./Core/Src/stm32g4xx_it.o
 .debug_line    0x000028c7      0x744 ./Core/Src/system_stm32g4xx.o
 .debug_line    0x0000300b       0x7b ./Core/Startup/startup_stm32g431cbux.o
 .debug_line    0x00003086      0xb00 ./Drivers/STM32G4xx_HAL_Driver/Src/stm32g4xx_hal.o
 .debug_line    0x00003b86      0xc93 ./Drivers/STM32G4xx_HAL_Driver/Src/stm32g4xx_hal_cortex.o
 .debug_line    0x00004819      0xb19 ./Drivers/STM32G4xx_HAL_Driver/Src/stm32g4xx_hal_gpio.o
 .debug_line    0x00005332      0xc6f ./Drivers/STM32G4xx_HAL_Driver/Src/stm32g4xx_hal_pwr_ex.o
 .debug_line    0x00005fa1      0xecb ./Drivers/STM32G4xx_HAL_Driver/Src/stm32g4xx_hal_rcc.o
 .debug_line    0x00006e6c     0x1093 ./Drivers/STM32G4xx_HAL_Driver/Src/stm32g4xx_hal_rcc_ex.o
 .debug_line    0x00007eff     0x1fa4 ./Drivers/STM32G4xx_HAL_Driver/Src/stm32g4xx_hal_spi.o
 .debug_line    0x00009ea3     0x3e8e ./Drivers/STM32G4xx_HAL_Driver/Src/stm32g4xx_hal_tim.o
 .debug_line    0x0000dd31     0x2040 ./Drivers/STM32G4xx_HAL_Driver/Src/stm32g4xx_hal_tim_ex.o
 .debug_line    0x0000fd71     0x3b79 ./Drivers/STM32G4xx_HAL_Driver/Src/stm32g4xx_hal_uart.o
 .debug_line    0x000138ea      0xd26 ./Drivers/STM32G4xx_HAL_Driver/Src/stm32g4xx_hal_uart_ex.o

.debug_str      0x00000000    0xc8346
 .debug_str     0x00000000    0xc1efc ./Core/Src/PID.o
                              0xc220a (size before relaxing)
 .debug_str     0x000c1efc     0x1bd5 ./Core/Src/main.o
                              0xc3e44 (size before relaxing)
 .debug_str     0x000c3ad1      0x2b8 ./Core/Src/stm32g4xx_hal_msp.o
                              0xbfc9c (size before relaxing)
 .debug_str     0x000c3d89       0xc9 ./Core/Src/stm32g4xx_it.o
                              0xbee42 (size before relaxing)
 .debug_str     0x000c3e52       0xdb ./Core/Src/system_stm32g4xx.o
                              0xbef9b (size before relaxing)
 .debug_str     0x000c3f2d       0x44 ./Core/Startup/startup_stm32g431cbux.o
                                 0x80 (size before relaxing)
 .debug_str     0x000c3f71      0xa2c ./Drivers/STM32G4xx_HAL_Driver/Src/stm32g4xx_hal.o
                              0xbfada (size before relaxing)
 .debug_str     0x000c499d      0x372 ./Drivers/STM32G4xx_HAL_Driver/Src/stm32g4xx_hal_cortex.o
                              0xbf796 (size before relaxing)
 .debug_str     0x000c4d0f      0x123 ./Drivers/STM32G4xx_HAL_Driver/Src/stm32g4xx_hal_gpio.o
                              0xbf126 (size before relaxing)
 .debug_str     0x000c4e32      0x4a5 ./Drivers/STM32G4xx_HAL_Driver/Src/stm32g4xx_hal_pwr_ex.o
                              0xbf489 (size before relaxing)
 .debug_str     0x000c52d7      0x4e0 ./Drivers/STM32G4xx_HAL_Driver/Src/stm32g4xx_hal_rcc.o
                              0xbf694 (size before relaxing)
 .debug_str     0x000c57b7      0x40b ./Drivers/STM32G4xx_HAL_Driver/Src/stm32g4xx_hal_rcc_ex.o
                              0xbf695 (size before relaxing)
 .debug_str     0x000c5bc2      0x5b2 ./Drivers/STM32G4xx_HAL_Driver/Src/stm32g4xx_hal_spi.o
                              0xbf8cd (size before relaxing)
 .debug_str     0x000c6174      0xd9d ./Drivers/STM32G4xx_HAL_Driver/Src/stm32g4xx_hal_tim.o
                              0xc0499 (size before relaxing)
 .debug_str     0x000c6f11      0x81d ./Drivers/STM32G4xx_HAL_Driver/Src/stm32g4xx_hal_tim_ex.o
                              0xc010d (size before relaxing)
 .debug_str     0x000c772e      0x9b4 ./Drivers/STM32G4xx_HAL_Driver/Src/stm32g4xx_hal_uart.o
                              0xbff56 (size before relaxing)
 .debug_str     0x000c80e2      0x264 ./Drivers/STM32G4xx_HAL_Driver/Src/stm32g4xx_hal_uart_ex.o
                              0xbf754 (size before relaxing)

.comment        0x00000000       0x43
 .comment       0x00000000       0x43 ./Core/Src/PID.o
                                 0x44 (size before relaxing)
 .comment       0x00000043       0x44 ./Core/Src/main.o
 .comment       0x00000043       0x44 ./Core/Src/stm32g4xx_hal_msp.o
 .comment       0x00000043       0x44 ./Core/Src/stm32g4xx_it.o
 .comment       0x00000043       0x44 ./Core/Src/system_stm32g4xx.o
 .comment       0x00000043       0x44 ./Drivers/STM32G4xx_HAL_Driver/Src/stm32g4xx_hal.o
 .comment       0x00000043       0x44 ./Drivers/STM32G4xx_HAL_Driver/Src/stm32g4xx_hal_cortex.o
 .comment       0x00000043       0x44 ./Drivers/STM32G4xx_HAL_Driver/Src/stm32g4xx_hal_gpio.o
 .comment       0x00000043       0x44 ./Drivers/STM32G4xx_HAL_Driver/Src/stm32g4xx_hal_pwr_ex.o
 .comment       0x00000043       0x44 ./Drivers/STM32G4xx_HAL_Driver/Src/stm32g4xx_hal_rcc.o
 .comment       0x00000043       0x44 ./Drivers/STM32G4xx_HAL_Driver/Src/stm32g4xx_hal_rcc_ex.o
 .comment       0x00000043       0x44 ./Drivers/STM32G4xx_HAL_Driver/Src/stm32g4xx_hal_spi.o
 .comment       0x00000043       0x44 ./Drivers/STM32G4xx_HAL_Driver/Src/stm32g4xx_hal_tim.o
 .comment       0x00000043       0x44 ./Drivers/STM32G4xx_HAL_Driver/Src/stm32g4xx_hal_tim_ex.o
 .comment       0x00000043       0x44 ./Drivers/STM32G4xx_HAL_Driver/Src/stm32g4xx_hal_uart.o
 .comment       0x00000043       0x44 ./Drivers/STM32G4xx_HAL_Driver/Src/stm32g4xx_hal_uart_ex.o

.debug_frame    0x00000000     0x517c
 .debug_frame   0x00000000      0x248 ./Core/Src/PID.o
 .debug_frame   0x00000248      0x1c8 ./Core/Src/main.o
 .debug_frame   0x00000410      0x180 ./Core/Src/stm32g4xx_hal_msp.o
 .debug_frame   0x00000590      0x104 ./Core/Src/stm32g4xx_it.o
 .debug_frame   0x00000694       0x58 ./Core/Src/system_stm32g4xx.o
 .debug_frame   0x000006ec      0x500 ./Drivers/STM32G4xx_HAL_Driver/Src/stm32g4xx_hal.o
 .debug_frame   0x00000bec      0x4e8 ./Drivers/STM32G4xx_HAL_Driver/Src/stm32g4xx_hal_cortex.o
 .debug_frame   0x000010d4      0x14c ./Drivers/STM32G4xx_HAL_Driver/Src/stm32g4xx_hal_gpio.o
 .debug_frame   0x00001220      0x4fc ./Drivers/STM32G4xx_HAL_Driver/Src/stm32g4xx_hal_pwr_ex.o
 .debug_frame   0x0000171c      0x23c ./Drivers/STM32G4xx_HAL_Driver/Src/stm32g4xx_hal_rcc.o
 .debug_frame   0x00001958      0x2ac ./Drivers/STM32G4xx_HAL_Driver/Src/stm32g4xx_hal_rcc_ex.o
 .debug_frame   0x00001c04      0x860 ./Drivers/STM32G4xx_HAL_Driver/Src/stm32g4xx_hal_spi.o
 .debug_frame   0x00002464     0x121c ./Drivers/STM32G4xx_HAL_Driver/Src/stm32g4xx_hal_tim.o
 .debug_frame   0x00003680      0xa68 ./Drivers/STM32G4xx_HAL_Driver/Src/stm32g4xx_hal_tim_ex.o
 .debug_frame   0x000040e8      0xa94 ./Drivers/STM32G4xx_HAL_Driver/Src/stm32g4xx_hal_uart.o
 .debug_frame   0x00004b7c      0x2c0 ./Drivers/STM32G4xx_HAL_Driver/Src/stm32g4xx_hal_uart_ex.o
 .debug_frame   0x00004e3c       0x20 /opt/st/stm32cubeide_1.17.0/plugins/com.st.stm32cube.ide.mcu.externaltools.gnu-tools-for-stm32.12.3.rel1.linux64_1.1.0.202410170702/tools/bin/../lib/gcc/arm-none-eabi/12.3.1/../../../../arm-none-eabi/lib/thumb/v7e-m+fp/hard/libc_nano.a(libc_a-memset.o)
 .debug_frame   0x00004e5c       0x2c /opt/st/stm32cubeide_1.17.0/plugins/com.st.stm32cube.ide.mcu.externaltools.gnu-tools-for-stm32.12.3.rel1.linux64_1.1.0.202410170702/tools/bin/../lib/gcc/arm-none-eabi/12.3.1/../../../../arm-none-eabi/lib/thumb/v7e-m+fp/hard/libc_nano.a(libc_a-init.o)
 .debug_frame   0x00004e88       0x44 /opt/st/stm32cubeide_1.17.0/plugins/com.st.stm32cube.ide.mcu.externaltools.gnu-tools-for-stm32.12.3.rel1.linux64_1.1.0.202410170702/tools/bin/../lib/gcc/arm-none-eabi/12.3.1/../../../../arm-none-eabi/lib/thumb/v7e-m+fp/hard/libm.a(libm_a-s_fmax.o)
 .debug_frame   0x00004ecc       0x44 /opt/st/stm32cubeide_1.17.0/plugins/com.st.stm32cube.ide.mcu.externaltools.gnu-tools-for-stm32.12.3.rel1.linux64_1.1.0.202410170702/tools/bin/../lib/gcc/arm-none-eabi/12.3.1/../../../../arm-none-eabi/lib/thumb/v7e-m+fp/hard/libm.a(libm_a-s_fmin.o)
 .debug_frame   0x00004f10       0x28 /opt/st/stm32cubeide_1.17.0/plugins/com.st.stm32cube.ide.mcu.externaltools.gnu-tools-for-stm32.12.3.rel1.linux64_1.1.0.202410170702/tools/bin/../lib/gcc/arm-none-eabi/12.3.1/../../../../arm-none-eabi/lib/thumb/v7e-m+fp/hard/libm.a(libm_a-s_fpclassify.o)
 .debug_frame   0x00004f38       0xac /opt/st/stm32cubeide_1.17.0/plugins/com.st.stm32cube.ide.mcu.externaltools.gnu-tools-for-stm32.12.3.rel1.linux64_1.1.0.202410170702/tools/bin/../lib/gcc/arm-none-eabi/12.3.1/thumb/v7e-m+fp/hard/libgcc.a(_arm_addsubdf3.o)
 .debug_frame   0x00004fe4       0x50 /opt/st/stm32cubeide_1.17.0/plugins/com.st.stm32cube.ide.mcu.externaltools.gnu-tools-for-stm32.12.3.rel1.linux64_1.1.0.202410170702/tools/bin/../lib/gcc/arm-none-eabi/12.3.1/thumb/v7e-m+fp/hard/libgcc.a(_arm_muldivdf3.o)
 .debug_frame   0x00005034       0xc4 /opt/st/stm32cubeide_1.17.0/plugins/com.st.stm32cube.ide.mcu.externaltools.gnu-tools-for-stm32.12.3.rel1.linux64_1.1.0.202410170702/tools/bin/../lib/gcc/arm-none-eabi/12.3.1/thumb/v7e-m+fp/hard/libgcc.a(_arm_cmpdf2.o)
 .debug_frame   0x000050f8       0x24 /opt/st/stm32cubeide_1.17.0/plugins/com.st.stm32cube.ide.mcu.externaltools.gnu-tools-for-stm32.12.3.rel1.linux64_1.1.0.202410170702/tools/bin/../lib/gcc/arm-none-eabi/12.3.1/thumb/v7e-m+fp/hard/libgcc.a(_arm_truncdfsf2.o)
 .debug_frame   0x0000511c       0x2c /opt/st/stm32cubeide_1.17.0/plugins/com.st.stm32cube.ide.mcu.externaltools.gnu-tools-for-stm32.12.3.rel1.linux64_1.1.0.202410170702/tools/bin/../lib/gcc/arm-none-eabi/12.3.1/thumb/v7e-m+fp/hard/libgcc.a(_aeabi_uldivmod.o)
 .debug_frame   0x00005148       0x34 /opt/st/stm32cubeide_1.17.0/plugins/com.st.stm32cube.ide.mcu.externaltools.gnu-tools-for-stm32.12.3.rel1.linux64_1.1.0.202410170702/tools/bin/../lib/gcc/arm-none-eabi/12.3.1/thumb/v7e-m+fp/hard/libgcc.a(_udivmoddi4.o)

.debug_line_str
                0x00000000       0x64
 .debug_line_str
                0x00000000       0x64 ./Core/Startup/startup_stm32g431cbux.o
