../Core/Src/main.c:120:6:Motor_Control	24	static
../Core/Src/main.c:142:6:Calculate_RPM	32	static
../Core/Src/main.c:163:6:Set_Motor_Speeds	48	static
../Core/Src/main.c:218:5:main	40	static
../Core/Src/main.c:308:6:SystemClock_Config	88	static
../Core/Src/main.c:354:13:MX_SPI1_Init	8	static
../Core/Src/main.c:394:13:MX_TIM1_Init	120	static
../Core/Src/main.c:476:13:MX_TIM2_Init	64	static
../Core/Src/main.c:535:13:MX_TIM3_Init	56	static
../Core/Src/main.c:584:13:MX_TIM4_Init	56	static
../Core/Src/main.c:633:13:MX_USART1_UART_Init	8	static
../Core/Src/main.c:681:13:MX_GPIO_Init	48	static
../Core/Src/main.c:735:6:Error_Handler	4	static,ignoring_inline_asm
